// Jest Snapshot v1, https://goo.gl/fbAQLP

exports[`CallOuts should render normally 1`] = `<I18nContext />`;

exports[`CallOuts should render without any call outs 1`] = `""`;
