// Jest Snapshot v1, https://goo.gl/fbAQLP

exports[`Table should render normally 1`] = `<I18nContext />`;

exports[`Table should render the format 1`] = `
<span>
  string
</span>
`;
