// Jest Snapshot v1, https://goo.gl/fbAQLP

exports[`EmptyState should render normally 1`] = `
<EuiPanel
  grow={true}
  hasShadow={false}
  paddingSize="l"
>
  <EuiFlexGroup
    alignItems="center"
    component="div"
    direction="row"
    gutterSize="l"
    justifyContent="center"
    responsive={true}
    wrap={false}
  >
    <EuiFlexItem
      component="div"
      grow={false}
    >
      <EuiTitle
        size="m"
      >
        <EuiTextColor
          color="subdued"
        >
          <h2
            style={
              Object {
                "textAlign": "center",
              }
            }
          >
            <FormattedMessage
              defaultMessage="Couldn't find any Elasticsearch data"
              id="management.indexPattern.create.emptyState.noData"
              values={Object {}}
            />
          </h2>
        </EuiTextColor>
      </EuiTitle>
      <EuiSpacer
        size="s"
      />
      <EuiText
        grow={true}
      >
        <p>
          <EuiTextColor
            color="subdued"
          >
            <FormattedMessage
              defaultMessage="You'll need to index some data into Elasticsearch before you can create an index pattern."
              id="management.indexPattern.create.emptyState.needToIndex"
              values={Object {}}
            />
          </EuiTextColor>
          Â 
          <EuiLink
            color="primary"
            href="#/home/tutorial_directory"
            type="button"
          >
            <FormattedMessage
              defaultMessage="Learn how"
              id="management.indexPattern.create.emptyState.learn"
              values={Object {}}
            />
          </EuiLink>
          <FormattedMessage
            defaultMessage=" or "
            id="management.indexPattern.create.emptyState.or"
            values={Object {}}
          />
          <EuiLink
            color="primary"
            href="#/home/tutorial_directory/sampleData"
            type="button"
          >
            <FormattedMessage
              defaultMessage="get started with some sample data sets."
              id="management.indexPattern.create.emptyState.getStarted"
              values={Object {}}
            />
          </EuiLink>
        </p>
      </EuiText>
      <EuiSpacer
        size="m"
      />
      <EuiFlexGroup
        alignItems="center"
        component="div"
        direction="row"
        gutterSize="l"
        justifyContent="center"
        responsive={true}
        wrap={false}
      >
        <EuiFlexItem
          component="div"
          grow={false}
        >
          <EuiButton
            color="primary"
            data-test-subj="refreshIndicesButton"
            fill={false}
            iconSide="left"
            iconType="refresh"
            onClick={[Function]}
            type="button"
          >
            <FormattedMessage
              defaultMessage="Check for new data"
              id="management.indexPattern.create.emptyState.checkData"
              values={Object {}}
            />
          </EuiButton>
        </EuiFlexItem>
      </EuiFlexGroup>
    </EuiFlexItem>
  </EuiFlexGroup>
</EuiPanel>
`;
