// Jest Snapshot v1, https://goo.gl/fbAQLP

exports[`Header should render normally 1`] = `
<div>
  <EuiTitle
    size="s"
  >
    <h2>
      <FormattedMessage
        defaultMessage="Step 2 of 2: Configure settings"
        id="management.indexPattern.create.stepTime.header.label"
        values={Object {}}
      />
    </h2>
  </EuiTitle>
  <EuiSpacer
    size="m"
  />
  <EuiText
    color="subdued"
    grow={true}
  >
    <span>
      <FormattedMessage
        defaultMessage="You've defined {indexPattern} as your index pattern. Now you can specify some settings before we create it."
        id="management.indexPattern.create.stepTime.header.detail"
        values={
          Object {
            "indexPattern": <strong>
              ki*
            </strong>,
          }
        }
      />
    </span>
  </EuiText>
</div>
`;
